\The ``5-text_indentation`` module
==================================

Importing the function:
>>> text_indentation = __import__('5-text_indentation').text_indentation

Normal text:
>>> text_indentation("Hello. How are you? Fine: Bye")
Hello.
<BLANKLINE>
How are you?
<BLANKLINE>
Fine:
<BLANKLINE>
Bye

Text with leading/trailing spaces in sentences:
>>> text_indentation("  Wait.   What?  Now:Done  ")
Wait.
<BLANKLINE>
What?
<BLANKLINE>
Now:
<BLANKLINE>
Done

Not a string:
>>> text_indentation(123)
Traceback (most recent call last):
    ...
TypeError: text must be a string

Empty string:
>>> text_indentation("")

Missing argument:
>>> text_indentation()
Traceback (most recent call last):
    ...
TypeError: text_indentation() missing 1 required positional argument: 'text'
